// Jest Snapshot v1, https://goo.gl/fbAQLP

exports[`should render container 1`] = `
<div>
  <div>
    <header>
      <a
        aria-current="page"
        class="home-link active"
        href="/"
      >
        Home
      </a>
    </header>
    <div
      class="body"
    >
      <form>
        <label>
          Name:
          <input
            name="name"
            type="text"
            value=""
          />
        </label>
        <label>
          Image URL:
          <input
            name="image"
            type="text"
            value=""
          />
        </label>
        <label>
          Bio:
          <input
            class="bio"
            name="bio"
            type="text"
            value=""
          />
        </label>
        <label>
          Breed:
          <input
            name="breed"
            type="text"
            value=""
          />
        </label>
        <label>
          Age:
          <input
            name="age"
            type="text"
            value=""
          />
        </label>
        <button>
          Save
        </button>
      </form>
    </div>
  </div>
</div>
`;
